2026-05-18 18:45:05,805  INFO  === Sex-biased admixture v2 ===
2026-05-18 18:45:05,805  INFO  Data dir : /Users/spectremac/Desktop/01_mock_data_generation/output
2026-05-18 18:45:05,806  ERROR  Data directory not found: /Users/spectremac/Desktop/01_mock_data_generation/output
2026-05-18 18:45:23,296  INFO  === Sex-biased admixture v2 ===
2026-05-18 18:45:23,297  INFO  Data dir : /Users/spectremac/Desktop/BioVault_popgen/01_mock_data_generation/output
2026-05-18 18:45:23,297  INFO  Loading genotype files …
2026-05-18 18:45:23,297  INFO    Reading 305387 …
2026-05-18 18:45:23,826  INFO    Reading 351218 …
2026-05-18 18:45:24,319  INFO    Reading 371396 …
2026-05-18 18:45:24,796  INFO    Reading 515084 …
2026-05-18 18:45:25,286  INFO    Reading 525943 …
2026-05-18 18:45:25,774  INFO    Reading 807622 …
2026-05-18 18:45:26,247  INFO    Reading 817803 …
2026-05-18 18:45:26,729  INFO    Reading 821425 …
2026-05-18 18:45:27,215  INFO    Reading 838338 …
2026-05-18 18:45:27,675  INFO    Reading 959836 …
2026-05-18 18:45:28,155  INFO  Loaded 10 samples: ['305387', '351218', '371396', '515084', '525943', '807622', '817803', '821425', '838338', '959836']
2026-05-18 18:45:28,155  INFO  Sex assignment (sorted IDs, first 5 = F, last 5 = M):
2026-05-18 18:45:28,156  INFO    305387 → F
2026-05-18 18:45:28,156  INFO    351218 → F
2026-05-18 18:45:28,156  INFO    371396 → F
2026-05-18 18:45:28,156  INFO    515084 → F
2026-05-18 18:45:28,156  INFO    525943 → F
2026-05-18 18:45:28,156  INFO    807622 → M
2026-05-18 18:45:28,156  INFO    817803 → M
2026-05-18 18:45:28,156  INFO    821425 → M
2026-05-18 18:45:28,156  INFO    838338 → M
2026-05-18 18:45:28,156  INFO    959836 → M
2026-05-18 18:45:28,156  INFO  Building results table …
2026-05-18 18:45:28,156  INFO  Running NMF on autosomes …
2026-05-18 18:45:28,172  INFO      NMF: 46,461 SNPs from chroms ['1', '2', '3']…
2026-05-18 18:45:29,034  INFO      NMF reconstruction error: 164.2527
2026-05-18 18:45:29,035  INFO  Running NMF on X chromosome …
2026-05-18 18:45:29,040  INFO      NMF: 28,024 SNPs from chroms ['X']
2026-05-18 18:45:29,632  INFO      NMF reconstruction error: 127.3494
2026-05-18 18:45:33,810  INFO  Results → /Users/spectremac/Desktop/BioVault_popgen/03_individual_level/sex_biased_admixture/results/sex_bias_results.tsv
2026-05-18 18:45:33,836  INFO  
sample_id sex  auto_het  x_het  auto_c1   x_c1  x_minus_auto_c1
   305387   F       0.0    0.0   0.0000 0.8790           0.8790
   351218   F       0.0    0.0   0.7845 0.7683          -0.0161
   371396   F       0.0    0.0   0.6813 0.0000          -0.6813
   515084   F       0.0    0.0   0.8923 0.0000          -0.8923
   525943   F       0.0    0.0   0.0000 0.0000           0.0000
   807622   M       0.0    0.0   0.7325 0.0000          -0.7325
   817803   M       0.0    0.0   0.0000 0.7879           0.7879
   821425   M       0.0    0.0   0.9415 0.8315          -0.1099
   838338   M       0.0    0.0   0.0170 0.4306           0.4136
   959836   M       0.0    0.0   0.7635 0.9378           0.1743
2026-05-18 18:45:33,836  INFO  Generating figure …
2026-05-18 18:45:34,499  INFO  maxp pruned
2026-05-18 18:45:34,499  INFO  LTSH dropped
2026-05-18 18:45:34,500  INFO  cmap pruned
2026-05-18 18:45:34,501  INFO  kern dropped
2026-05-18 18:45:34,503  INFO  post pruned
2026-05-18 18:45:34,504  INFO  PCLT dropped
2026-05-18 18:45:34,504  INFO  JSTF dropped
2026-05-18 18:45:34,504  INFO  DSIG dropped
2026-05-18 18:45:34,506  INFO  GPOS pruned
2026-05-18 18:45:34,506  INFO  GSUB pruned
2026-05-18 18:45:34,510  INFO  glyf pruned
2026-05-18 18:45:34,512  INFO  Added gid0 to subset
2026-05-18 18:45:34,512  INFO  Added first four glyphs to subset
2026-05-18 18:45:34,512  INFO  Closing glyph list over 'GSUB': 8 glyphs before
2026-05-18 18:45:34,512  INFO  Glyph names: ['.notdef', '.null', 'a', 'b', 'c', 'd', 'nonmarkingreturn', 'space']
2026-05-18 18:45:34,512  INFO  Glyph IDs:   [0, 1, 2, 3, 68, 69, 70, 71]
2026-05-18 18:45:34,515  INFO  Closed glyph list over 'GSUB': 8 glyphs after
2026-05-18 18:45:34,515  INFO  Glyph names: ['.notdef', '.null', 'a', 'b', 'c', 'd', 'nonmarkingreturn', 'space']
2026-05-18 18:45:34,515  INFO  Glyph IDs:   [0, 1, 2, 3, 68, 69, 70, 71]
2026-05-18 18:45:34,515  INFO  Closing glyph list over 'glyf': 8 glyphs before
2026-05-18 18:45:34,515  INFO  Glyph names: ['.notdef', '.null', 'a', 'b', 'c', 'd', 'nonmarkingreturn', 'space']
2026-05-18 18:45:34,515  INFO  Glyph IDs:   [0, 1, 2, 3, 68, 69, 70, 71]
2026-05-18 18:45:34,515  INFO  Closed glyph list over 'glyf': 8 glyphs after
2026-05-18 18:45:34,515  INFO  Glyph names: ['.notdef', '.null', 'a', 'b', 'c', 'd', 'nonmarkingreturn', 'space']
2026-05-18 18:45:34,515  INFO  Glyph IDs:   [0, 1, 2, 3, 68, 69, 70, 71]
2026-05-18 18:45:34,515  INFO  Retaining 8 glyphs
2026-05-18 18:45:34,516  INFO  head subsetting not needed
2026-05-18 18:45:34,516  INFO  hhea subsetting not needed
2026-05-18 18:45:34,516  INFO  maxp subsetting not needed
2026-05-18 18:45:34,516  INFO  OS/2 subsetting not needed
2026-05-18 18:45:34,517  INFO  hmtx subsetted
2026-05-18 18:45:34,517  INFO  VDMX subsetting not needed
2026-05-18 18:45:34,517  INFO  hdmx subsetted
2026-05-18 18:45:34,518  INFO  cmap subsetted
2026-05-18 18:45:34,518  INFO  fpgm subsetting not needed
2026-05-18 18:45:34,518  INFO  prep subsetting not needed
2026-05-18 18:45:34,518  INFO  cvt  subsetting not needed
2026-05-18 18:45:34,518  INFO  loca subsetting not needed
2026-05-18 18:45:34,518  INFO  post subsetted
2026-05-18 18:45:34,518  INFO  gasp subsetting not needed
2026-05-18 18:45:34,519  INFO  GDEF subsetted
2026-05-18 18:45:34,566  INFO  GPOS subsetted
2026-05-18 18:45:34,567  INFO  GSUB subsetted
2026-05-18 18:45:34,567  INFO  name subsetting not needed
2026-05-18 18:45:34,567  INFO  glyf subsetted
2026-05-18 18:45:34,568  INFO  head pruned
2026-05-18 18:45:34,568  INFO  OS/2 Unicode ranges pruned: [0]
2026-05-18 18:45:34,568  INFO  OS/2 CodePage ranges pruned: [0]
2026-05-18 18:45:34,568  INFO  glyf pruned
2026-05-18 18:45:34,568  INFO  GDEF pruned
2026-05-18 18:45:34,568  INFO  GPOS pruned
2026-05-18 18:45:34,568  INFO  GSUB pruned
2026-05-18 18:45:34,571  INFO  name pruned
2026-05-18 18:45:34,575  INFO  maxp pruned
2026-05-18 18:45:34,575  INFO  LTSH dropped
2026-05-18 18:45:34,575  INFO  cmap pruned
2026-05-18 18:45:34,575  INFO  kern dropped
2026-05-18 18:45:34,577  INFO  post pruned
2026-05-18 18:45:34,577  INFO  PCLT dropped
2026-05-18 18:45:34,577  INFO  DSIG dropped
2026-05-18 18:45:34,578  INFO  GPOS pruned
2026-05-18 18:45:34,578  INFO  GSUB pruned
2026-05-18 18:45:34,581  INFO  glyf pruned
2026-05-18 18:45:34,582  INFO  Missing glyphs for requested Unicodes: ['U+26A0']
2026-05-18 18:45:34,582  INFO  Added gid0 to subset
2026-05-18 18:45:34,583  INFO  Added first four glyphs to subset
2026-05-18 18:45:34,583  INFO  Closing glyph list over 'GSUB': 34 glyphs before
2026-05-18 18:45:34,583  INFO  Glyph names: ['.notdef', '.null', 'A', 'M', 'X', 'a', 'approxequal', 'c', 'colon', 'd', 'e', 'f', 'five', 'h', 'hyphen', 'i', 'k', 'l', 'm', 'n', 'nonmarkingreturn', 'o', 'p', 'parenleft', 'parenright', 'period', 'q', 'r', 's', 'space', 't', 'u', 'y', 'zero']
2026-05-18 18:45:34,583  INFO  Glyph IDs:   [0, 1, 2, 3, 11, 12, 16, 17, 19, 24, 29, 36, 48, 59, 68, 70, 71, 72, 73, 75, 76, 78, 79, 80, 81, 82, 83, 84, 85, 86, 87, 88, 92, 167]
2026-05-18 18:45:34,584  INFO  Closed glyph list over 'GSUB': 34 glyphs after
2026-05-18 18:45:34,584  INFO  Glyph names: ['.notdef', '.null', 'A', 'M', 'X', 'a', 'approxequal', 'c', 'colon', 'd', 'e', 'f', 'five', 'h', 'hyphen', 'i', 'k', 'l', 'm', 'n', 'nonmarkingreturn', 'o', 'p', 'parenleft', 'parenright', 'period', 'q', 'r', 's', 'space', 't', 'u', 'y', 'zero']
2026-05-18 18:45:34,584  INFO  Glyph IDs:   [0, 1, 2, 3, 11, 12, 16, 17, 19, 24, 29, 36, 48, 59, 68, 70, 71, 72, 73, 75, 76, 78, 79, 80, 81, 82, 83, 84, 85, 86, 87, 88, 92, 167]
2026-05-18 18:45:34,584  INFO  Closing glyph list over 'glyf': 34 glyphs before
2026-05-18 18:45:34,584  INFO  Glyph names: ['.notdef', '.null', 'A', 'M', 'X', 'a', 'approxequal', 'c', 'colon', 'd', 'e', 'f', 'five', 'h', 'hyphen', 'i', 'k', 'l', 'm', 'n', 'nonmarkingreturn', 'o', 'p', 'parenleft', 'parenright', 'period', 'q', 'r', 's', 'space', 't', 'u', 'y', 'zero']
2026-05-18 18:45:34,584  INFO  Glyph IDs:   [0, 1, 2, 3, 11, 12, 16, 17, 19, 24, 29, 36, 48, 59, 68, 70, 71, 72, 73, 75, 76, 78, 79, 80, 81, 82, 83, 84, 85, 86, 87, 88, 92, 167]
2026-05-18 18:45:34,584  INFO  Closed glyph list over 'glyf': 34 glyphs after
2026-05-18 18:45:34,584  INFO  Glyph names: ['.notdef', '.null', 'A', 'M', 'X', 'a', 'approxequal', 'c', 'colon', 'd', 'e', 'f', 'five', 'h', 'hyphen', 'i', 'k', 'l', 'm', 'n', 'nonmarkingreturn', 'o', 'p', 'parenleft', 'parenright', 'period', 'q', 'r', 's', 'space', 't', 'u', 'y', 'zero']
2026-05-18 18:45:34,584  INFO  Glyph IDs:   [0, 1, 2, 3, 11, 12, 16, 17, 19, 24, 29, 36, 48, 59, 68, 70, 71, 72, 73, 75, 76, 78, 79, 80, 81, 82, 83, 84, 85, 86, 87, 88, 92, 167]
2026-05-18 18:45:34,584  INFO  Retaining 34 glyphs
2026-05-18 18:45:34,584  INFO  head subsetting not needed
2026-05-18 18:45:34,584  INFO  hhea subsetting not needed
2026-05-18 18:45:34,584  INFO  maxp subsetting not needed
2026-05-18 18:45:34,584  INFO  OS/2 subsetting not needed
2026-05-18 18:45:34,585  INFO  hmtx subsetted
2026-05-18 18:45:34,585  INFO  VDMX subsetting not needed
2026-05-18 18:45:34,585  INFO  hdmx subsetted
2026-05-18 18:45:34,586  INFO  cmap subsetted
2026-05-18 18:45:34,586  INFO  fpgm subsetting not needed
2026-05-18 18:45:34,586  INFO  prep subsetting not needed
2026-05-18 18:45:34,586  INFO  cvt  subsetting not needed
2026-05-18 18:45:34,586  INFO  loca subsetting not needed
2026-05-18 18:45:34,586  INFO  post subsetted
2026-05-18 18:45:34,586  INFO  gasp subsetting not needed
2026-05-18 18:45:34,587  INFO  GDEF subsetted
2026-05-18 18:45:34,606  INFO  GPOS subsetted
2026-05-18 18:45:34,607  INFO  GSUB subsetted
2026-05-18 18:45:34,607  INFO  name subsetting not needed
2026-05-18 18:45:34,607  INFO  glyf subsetted
2026-05-18 18:45:34,608  INFO  head pruned
2026-05-18 18:45:34,608  INFO  OS/2 Unicode ranges pruned: [0, 38]
2026-05-18 18:45:34,608  INFO  OS/2 CodePage ranges pruned: [0]
2026-05-18 18:45:34,608  INFO  glyf pruned
2026-05-18 18:45:34,608  INFO  GDEF pruned
2026-05-18 18:45:34,608  INFO  GPOS pruned
2026-05-18 18:45:34,608  INFO  GSUB pruned
2026-05-18 18:45:34,611  INFO  name pruned
2026-05-18 18:45:34,615  INFO  maxp pruned
2026-05-18 18:45:34,615  INFO  LTSH dropped
2026-05-18 18:45:34,615  INFO  cmap pruned
2026-05-18 18:45:34,615  INFO  kern dropped
2026-05-18 18:45:34,617  INFO  post pruned
2026-05-18 18:45:34,618  INFO  PCLT dropped
2026-05-18 18:45:34,618  INFO  JSTF dropped
2026-05-18 18:45:34,618  INFO  DSIG dropped
2026-05-18 18:45:34,619  INFO  GPOS pruned
2026-05-18 18:45:34,620  INFO  GSUB pruned
2026-05-18 18:45:34,623  INFO  glyf pruned
2026-05-18 18:45:34,624  INFO  Added gid0 to subset
2026-05-18 18:45:34,624  INFO  Added first four glyphs to subset
2026-05-18 18:45:34,625  INFO  Closing glyph list over 'GSUB': 60 glyphs before
2026-05-18 18:45:34,625  INFO  Glyph names: ['.notdef', '.null', 'A', 'C', 'Delta', 'F', 'H', 'M', 'N', 'S', 'X', 'a', 'b', 'c', 'colon', 'd', 'e', 'eight', 'emdash', 'endash', 'equal', 'f', 'female', 'five', 'four', 'g', 'greater', 'h', 'hyphen', 'i', 'k', 'l', 'less', 'm', 'male', 'minus', 'n', 'nine', 'nonmarkingreturn', 'o', 'one', 'p', 'parenleft', 'parenright', 'period', 'r', 's', 'semicolon', 'seven', 'six', 'space', 't', 'three', 'two', 'u', 'v', 'x', 'y', 'z', 'zero']
2026-05-18 18:45:34,625  INFO  Glyph IDs:   [0, 1, 2, 3, 11, 12, 16, 17, 19, 20, 21, 22, 23, 24, 25, 26, 27, 28, 29, 30, 31, 32, 33, 36, 38, 41, 43, 48, 49, 54, 59, 68, 69, 70, 71, 72, 73, 74, 75, 76, 78, 79, 80, 81, 82, 83, 85, 86, 87, 88, 89, 91, 92, 93, 177, 178, 237, 386, 387, 507]
2026-05-18 18:45:34,627  INFO  Closed glyph list over 'GSUB': 60 glyphs after
2026-05-18 18:45:34,627  INFO  Glyph names: ['.notdef', '.null', 'A', 'C', 'Delta', 'F', 'H', 'M', 'N', 'S', 'X', 'a', 'b', 'c', 'colon', 'd', 'e', 'eight', 'emdash', 'endash', 'equal', 'f', 'female', 'five', 'four', 'g', 'greater', 'h', 'hyphen', 'i', 'k', 'l', 'less', 'm', 'male', 'minus', 'n', 'nine', 'nonmarkingreturn', 'o', 'one', 'p', 'parenleft', 'parenright', 'period', 'r', 's', 'semicolon', 'seven', 'six', 'space', 't', 'three', 'two', 'u', 'v', 'x', 'y', 'z', 'zero']
2026-05-18 18:45:34,627  INFO  Glyph IDs:   [0, 1, 2, 3, 11, 12, 16, 17, 19, 20, 21, 22, 23, 24, 25, 26, 27, 28, 29, 30, 31, 32, 33, 36, 38, 41, 43, 48, 49, 54, 59, 68, 69, 70, 71, 72, 73, 74, 75, 76, 78, 79, 80, 81, 82, 83, 85, 86, 87, 88, 89, 91, 92, 93, 177, 178, 237, 386, 387, 507]
2026-05-18 18:45:34,628  INFO  Closing glyph list over 'glyf': 60 glyphs before
2026-05-18 18:45:34,628  INFO  Glyph names: ['.notdef', '.null', 'A', 'C', 'Delta', 'F', 'H', 'M', 'N', 'S', 'X', 'a', 'b', 'c', 'colon', 'd', 'e', 'eight', 'emdash', 'endash', 'equal', 'f', 'female', 'five', 'four', 'g', 'greater', 'h', 'hyphen', 'i', 'k', 'l', 'less', 'm', 'male', 'minus', 'n', 'nine', 'nonmarkingreturn', 'o', 'one', 'p', 'parenleft', 'parenright', 'period', 'r', 's', 'semicolon', 'seven', 'six', 'space', 't', 'three', 'two', 'u', 'v', 'x', 'y', 'z', 'zero']
2026-05-18 18:45:34,628  INFO  Glyph IDs:   [0, 1, 2, 3, 11, 12, 16, 17, 19, 20, 21, 22, 23, 24, 25, 26, 27, 28, 29, 30, 31, 32, 33, 36, 38, 41, 43, 48, 49, 54, 59, 68, 69, 70, 71, 72, 73, 74, 75, 76, 78, 79, 80, 81, 82, 83, 85, 86, 87, 88, 89, 91, 92, 93, 177, 178, 237, 386, 387, 507]
2026-05-18 18:45:34,628  INFO  Closed glyph list over 'glyf': 60 glyphs after
2026-05-18 18:45:34,628  INFO  Glyph names: ['.notdef', '.null', 'A', 'C', 'Delta', 'F', 'H', 'M', 'N', 'S', 'X', 'a', 'b', 'c', 'colon', 'd', 'e', 'eight', 'emdash', 'endash', 'equal', 'f', 'female', 'five', 'four', 'g', 'greater', 'h', 'hyphen', 'i', 'k', 'l', 'less', 'm', 'male', 'minus', 'n', 'nine', 'nonmarkingreturn', 'o', 'one', 'p', 'parenleft', 'parenright', 'period', 'r', 's', 'semicolon', 'seven', 'six', 'space', 't', 'three', 'two', 'u', 'v', 'x', 'y', 'z', 'zero']
2026-05-18 18:45:34,628  INFO  Glyph IDs:   [0, 1, 2, 3, 11, 12, 16, 17, 19, 20, 21, 22, 23, 24, 25, 26, 27, 28, 29, 30, 31, 32, 33, 36, 38, 41, 43, 48, 49, 54, 59, 68, 69, 70, 71, 72, 73, 74, 75, 76, 78, 79, 80, 81, 82, 83, 85, 86, 87, 88, 89, 91, 92, 93, 177, 178, 237, 386, 387, 507]
2026-05-18 18:45:34,628  INFO  Retaining 60 glyphs
2026-05-18 18:45:34,628  INFO  head subsetting not needed
2026-05-18 18:45:34,628  INFO  hhea subsetting not needed
2026-05-18 18:45:34,628  INFO  maxp subsetting not needed
2026-05-18 18:45:34,628  INFO  OS/2 subsetting not needed
2026-05-18 18:45:34,629  INFO  hmtx subsetted
2026-05-18 18:45:34,629  INFO  VDMX subsetting not needed
2026-05-18 18:45:34,630  INFO  hdmx subsetted
2026-05-18 18:45:34,630  INFO  cmap subsetted
2026-05-18 18:45:34,630  INFO  fpgm subsetting not needed
2026-05-18 18:45:34,630  INFO  prep subsetting not needed
2026-05-18 18:45:34,630  INFO  cvt  subsetting not needed
2026-05-18 18:45:34,630  INFO  loca subsetting not needed
2026-05-18 18:45:34,630  INFO  post subsetted
2026-05-18 18:45:34,630  INFO  gasp subsetting not needed
2026-05-18 18:45:34,631  INFO  GDEF subsetted
2026-05-18 18:45:34,654  INFO  GPOS subsetted
2026-05-18 18:45:34,655  INFO  GSUB subsetted
2026-05-18 18:45:34,655  INFO  name subsetting not needed
2026-05-18 18:45:34,655  INFO  glyf subsetted
2026-05-18 18:45:34,656  INFO  head pruned
2026-05-18 18:45:34,656  INFO  OS/2 Unicode ranges pruned: [0, 7, 31, 38, 46]
2026-05-18 18:45:34,656  INFO  OS/2 CodePage ranges pruned: [0]
2026-05-18 18:45:34,656  INFO  glyf pruned
2026-05-18 18:45:34,656  INFO  GDEF pruned
2026-05-18 18:45:34,656  INFO  GPOS pruned
2026-05-18 18:45:34,657  INFO  GSUB pruned
2026-05-18 18:45:34,659  INFO  name pruned
2026-05-18 18:45:35,097  INFO  Saved PDF → /Users/spectremac/Desktop/BioVault_popgen/03_individual_level/sex_biased_admixture/plots/figure4_sex_biased_admixture.pdf
2026-05-18 18:45:35,098  INFO  Saved PNG → /Users/spectremac/Desktop/BioVault_popgen/03_individual_level/sex_biased_admixture/plots/figure4_sex_biased_admixture.png
2026-05-18 18:45:35,098  INFO  Done.
2026-05-18 18:46:04,309  INFO  === Sex-biased admixture v2 ===
2026-05-18 18:46:04,309  INFO  Data dir : /Users/spectremac/Desktop/BioVault_popgen/01_mock_data_generation/output
2026-05-18 18:46:04,309  INFO  Loading genotype files …
2026-05-18 18:46:04,309  INFO    Reading 305387 …
2026-05-18 18:46:04,732  INFO    Reading 351218 …
2026-05-18 18:46:05,152  INFO    Reading 371396 …
2026-05-18 18:46:05,556  INFO    Reading 515084 …
2026-05-18 18:46:05,963  INFO    Reading 525943 …
2026-05-18 18:46:06,372  INFO    Reading 807622 …
2026-05-18 18:46:06,771  INFO    Reading 817803 …
2026-05-18 18:46:07,176  INFO    Reading 821425 …
2026-05-18 18:46:07,598  INFO    Reading 838338 …
2026-05-18 18:46:08,046  INFO    Reading 959836 …
2026-05-18 18:46:08,463  INFO  Loaded 10 samples: ['305387', '351218', '371396', '515084', '525943', '807622', '817803', '821425', '838338', '959836']
2026-05-18 18:46:08,463  INFO  Sex assignment (sorted IDs, first 5 = F, last 5 = M):
2026-05-18 18:46:08,463  INFO    305387 → F
2026-05-18 18:46:08,463  INFO    351218 → F
2026-05-18 18:46:08,463  INFO    371396 → F
2026-05-18 18:46:08,463  INFO    515084 → F
2026-05-18 18:46:08,463  INFO    525943 → F
2026-05-18 18:46:08,463  INFO    807622 → M
2026-05-18 18:46:08,463  INFO    817803 → M
2026-05-18 18:46:08,463  INFO    821425 → M
2026-05-18 18:46:08,463  INFO    838338 → M
2026-05-18 18:46:08,463  INFO    959836 → M
2026-05-18 18:46:08,463  INFO  Building results table …
2026-05-18 18:46:08,464  INFO  Running NMF on autosomes …
2026-05-18 18:46:08,477  INFO      NMF: 46,461 SNPs from chroms ['1', '2', '3']…
2026-05-18 18:46:09,343  INFO      NMF reconstruction error: 164.2527
2026-05-18 18:46:09,344  INFO  Running NMF on X chromosome …
2026-05-18 18:46:09,348  INFO      NMF: 28,024 SNPs from chroms ['X']
2026-05-18 18:46:09,916  INFO      NMF reconstruction error: 127.3494
2026-05-18 18:46:14,613  INFO  Results → /Users/spectremac/Desktop/BioVault_popgen/03_individual_level/sex_biased_admixture/results/sex_bias_results.tsv
2026-05-18 18:46:14,637  INFO  
sample_id sex  auto_het  x_het  auto_c1   x_c1  x_minus_auto_c1
   305387   F       0.0    0.0   0.0000 0.8790           0.8790
   351218   F       0.0    0.0   0.7845 0.7683          -0.0161
   371396   F       0.0    0.0   0.6813 0.0000          -0.6813
   515084   F       0.0    0.0   0.8923 0.0000          -0.8923
   525943   F       0.0    0.0   0.0000 0.0000           0.0000
   807622   M       0.0    0.0   0.7325 0.0000          -0.7325
   817803   M       0.0    0.0   0.0000 0.7879           0.7879
   821425   M       0.0    0.0   0.9415 0.8315          -0.1099
   838338   M       0.0    0.0   0.0170 0.4306           0.4136
   959836   M       0.0    0.0   0.7635 0.9378           0.1743
2026-05-18 18:46:14,637  INFO  Generating figure …
2026-05-18 18:46:15,149  INFO  maxp pruned
2026-05-18 18:46:15,150  INFO  LTSH dropped
2026-05-18 18:46:15,150  INFO  cmap pruned
2026-05-18 18:46:15,151  INFO  kern dropped
2026-05-18 18:46:15,153  INFO  post pruned
2026-05-18 18:46:15,153  INFO  PCLT dropped
2026-05-18 18:46:15,154  INFO  JSTF dropped
2026-05-18 18:46:15,154  INFO  DSIG dropped
2026-05-18 18:46:15,155  INFO  GPOS pruned
2026-05-18 18:46:15,156  INFO  GSUB pruned
2026-05-18 18:46:15,159  INFO  glyf pruned
2026-05-18 18:46:15,161  INFO  Added gid0 to subset
2026-05-18 18:46:15,161  INFO  Added first four glyphs to subset
2026-05-18 18:46:15,161  INFO  Closing glyph list over 'GSUB': 8 glyphs before
2026-05-18 18:46:15,161  INFO  Glyph names: ['.notdef', '.null', 'a', 'b', 'c', 'd', 'nonmarkingreturn', 'space']
2026-05-18 18:46:15,161  INFO  Glyph IDs:   [0, 1, 2, 3, 68, 69, 70, 71]
2026-05-18 18:46:15,164  INFO  Closed glyph list over 'GSUB': 8 glyphs after
2026-05-18 18:46:15,164  INFO  Glyph names: ['.notdef', '.null', 'a', 'b', 'c', 'd', 'nonmarkingreturn', 'space']
2026-05-18 18:46:15,164  INFO  Glyph IDs:   [0, 1, 2, 3, 68, 69, 70, 71]
2026-05-18 18:46:15,164  INFO  Closing glyph list over 'glyf': 8 glyphs before
2026-05-18 18:46:15,164  INFO  Glyph names: ['.notdef', '.null', 'a', 'b', 'c', 'd', 'nonmarkingreturn', 'space']
2026-05-18 18:46:15,164  INFO  Glyph IDs:   [0, 1, 2, 3, 68, 69, 70, 71]
2026-05-18 18:46:15,164  INFO  Closed glyph list over 'glyf': 8 glyphs after
2026-05-18 18:46:15,164  INFO  Glyph names: ['.notdef', '.null', 'a', 'b', 'c', 'd', 'nonmarkingreturn', 'space']
2026-05-18 18:46:15,164  INFO  Glyph IDs:   [0, 1, 2, 3, 68, 69, 70, 71]
2026-05-18 18:46:15,164  INFO  Retaining 8 glyphs
2026-05-18 18:46:15,164  INFO  head subsetting not needed
2026-05-18 18:46:15,164  INFO  hhea subsetting not needed
2026-05-18 18:46:15,164  INFO  maxp subsetting not needed
2026-05-18 18:46:15,164  INFO  OS/2 subsetting not needed
2026-05-18 18:46:15,166  INFO  hmtx subsetted
2026-05-18 18:46:15,166  INFO  VDMX subsetting not needed
2026-05-18 18:46:15,166  INFO  hdmx subsetted
2026-05-18 18:46:15,166  INFO  cmap subsetted
2026-05-18 18:46:15,166  INFO  fpgm subsetting not needed
2026-05-18 18:46:15,166  INFO  prep subsetting not needed
2026-05-18 18:46:15,167  INFO  cvt  subsetting not needed
2026-05-18 18:46:15,167  INFO  loca subsetting not needed
2026-05-18 18:46:15,167  INFO  post subsetted
2026-05-18 18:46:15,167  INFO  gasp subsetting not needed
2026-05-18 18:46:15,168  INFO  GDEF subsetted
2026-05-18 18:46:15,216  INFO  GPOS subsetted
2026-05-18 18:46:15,216  INFO  GSUB subsetted
2026-05-18 18:46:15,216  INFO  name subsetting not needed
2026-05-18 18:46:15,217  INFO  glyf subsetted
2026-05-18 18:46:15,217  INFO  head pruned
2026-05-18 18:46:15,217  INFO  OS/2 Unicode ranges pruned: [0]
2026-05-18 18:46:15,217  INFO  OS/2 CodePage ranges pruned: [0]
2026-05-18 18:46:15,217  INFO  glyf pruned
2026-05-18 18:46:15,217  INFO  GDEF pruned
2026-05-18 18:46:15,217  INFO  GPOS pruned
2026-05-18 18:46:15,218  INFO  GSUB pruned
2026-05-18 18:46:15,220  INFO  name pruned
2026-05-18 18:46:15,225  INFO  maxp pruned
2026-05-18 18:46:15,225  INFO  LTSH dropped
2026-05-18 18:46:15,225  INFO  cmap pruned
2026-05-18 18:46:15,225  INFO  kern dropped
2026-05-18 18:46:15,226  INFO  post pruned
2026-05-18 18:46:15,226  INFO  PCLT dropped
2026-05-18 18:46:15,226  INFO  DSIG dropped
2026-05-18 18:46:15,228  INFO  GPOS pruned
2026-05-18 18:46:15,228  INFO  GSUB pruned
2026-05-18 18:46:15,230  INFO  glyf pruned
2026-05-18 18:46:15,231  INFO  Added gid0 to subset
2026-05-18 18:46:15,231  INFO  Added first four glyphs to subset
2026-05-18 18:46:15,231  INFO  Closing glyph list over 'GSUB': 35 glyphs before
2026-05-18 18:46:15,231  INFO  Glyph names: ['.notdef', '.null', 'A', 'N', 'X', 'a', 'c', 'colon', 'comma', 'd', 'e', 'equal', 'f', 'five', 'h', 'hyphen', 'i', 'k', 'l', 'm', 'n', 'nonmarkingreturn', 'o', 'p', 'parenleft', 'parenright', 'period', 'q', 'r', 's', 'space', 't', 'u', 'y', 'zero']
2026-05-18 18:46:15,231  INFO  Glyph IDs:   [0, 1, 2, 3, 11, 12, 15, 16, 17, 19, 24, 29, 32, 36, 49, 59, 68, 70, 71, 72, 73, 75, 76, 78, 79, 80, 81, 82, 83, 84, 85, 86, 87, 88, 92]
2026-05-18 18:46:15,232  INFO  Closed glyph list over 'GSUB': 35 glyphs after
2026-05-18 18:46:15,232  INFO  Glyph names: ['.notdef', '.null', 'A', 'N', 'X', 'a', 'c', 'colon', 'comma', 'd', 'e', 'equal', 'f', 'five', 'h', 'hyphen', 'i', 'k', 'l', 'm', 'n', 'nonmarkingreturn', 'o', 'p', 'parenleft', 'parenright', 'period', 'q', 'r', 's', 'space', 't', 'u', 'y', 'zero']
2026-05-18 18:46:15,232  INFO  Glyph IDs:   [0, 1, 2, 3, 11, 12, 15, 16, 17, 19, 24, 29, 32, 36, 49, 59, 68, 70, 71, 72, 73, 75, 76, 78, 79, 80, 81, 82, 83, 84, 85, 86, 87, 88, 92]
2026-05-18 18:46:15,232  INFO  Closing glyph list over 'glyf': 35 glyphs before
2026-05-18 18:46:15,232  INFO  Glyph names: ['.notdef', '.null', 'A', 'N', 'X', 'a', 'c', 'colon', 'comma', 'd', 'e', 'equal', 'f', 'five', 'h', 'hyphen', 'i', 'k', 'l', 'm', 'n', 'nonmarkingreturn', 'o', 'p', 'parenleft', 'parenright', 'period', 'q', 'r', 's', 'space', 't', 'u', 'y', 'zero']
2026-05-18 18:46:15,232  INFO  Glyph IDs:   [0, 1, 2, 3, 11, 12, 15, 16, 17, 19, 24, 29, 32, 36, 49, 59, 68, 70, 71, 72, 73, 75, 76, 78, 79, 80, 81, 82, 83, 84, 85, 86, 87, 88, 92]
2026-05-18 18:46:15,232  INFO  Closed glyph list over 'glyf': 35 glyphs after
2026-05-18 18:46:15,232  INFO  Glyph names: ['.notdef', '.null', 'A', 'N', 'X', 'a', 'c', 'colon', 'comma', 'd', 'e', 'equal', 'f', 'five', 'h', 'hyphen', 'i', 'k', 'l', 'm', 'n', 'nonmarkingreturn', 'o', 'p', 'parenleft', 'parenright', 'period', 'q', 'r', 's', 'space', 't', 'u', 'y', 'zero']
2026-05-18 18:46:15,233  INFO  Glyph IDs:   [0, 1, 2, 3, 11, 12, 15, 16, 17, 19, 24, 29, 32, 36, 49, 59, 68, 70, 71, 72, 73, 75, 76, 78, 79, 80, 81, 82, 83, 84, 85, 86, 87, 88, 92]
2026-05-18 18:46:15,233  INFO  Retaining 35 glyphs
2026-05-18 18:46:15,233  INFO  head subsetting not needed
2026-05-18 18:46:15,233  INFO  hhea subsetting not needed
2026-05-18 18:46:15,233  INFO  maxp subsetting not needed
2026-05-18 18:46:15,233  INFO  OS/2 subsetting not needed
2026-05-18 18:46:15,234  INFO  hmtx subsetted
2026-05-18 18:46:15,234  INFO  VDMX subsetting not needed
2026-05-18 18:46:15,234  INFO  hdmx subsetted
2026-05-18 18:46:15,234  INFO  cmap subsetted
2026-05-18 18:46:15,234  INFO  fpgm subsetting not needed
2026-05-18 18:46:15,234  INFO  prep subsetting not needed
2026-05-18 18:46:15,234  INFO  cvt  subsetting not needed
2026-05-18 18:46:15,234  INFO  loca subsetting not needed
2026-05-18 18:46:15,234  INFO  post subsetted
2026-05-18 18:46:15,234  INFO  gasp subsetting not needed
2026-05-18 18:46:15,235  INFO  GDEF subsetted
2026-05-18 18:46:15,255  INFO  GPOS subsetted
2026-05-18 18:46:15,256  INFO  GSUB subsetted
2026-05-18 18:46:15,256  INFO  name subsetting not needed
2026-05-18 18:46:15,256  INFO  glyf subsetted
2026-05-18 18:46:15,257  INFO  head pruned
2026-05-18 18:46:15,257  INFO  OS/2 Unicode ranges pruned: [0]
2026-05-18 18:46:15,257  INFO  OS/2 CodePage ranges pruned: [0]
2026-05-18 18:46:15,257  INFO  glyf pruned
2026-05-18 18:46:15,257  INFO  GDEF pruned
2026-05-18 18:46:15,257  INFO  GPOS pruned
2026-05-18 18:46:15,257  INFO  GSUB pruned
2026-05-18 18:46:15,260  INFO  name pruned
2026-05-18 18:46:15,265  INFO  maxp pruned
2026-05-18 18:46:15,265  INFO  LTSH dropped
2026-05-18 18:46:15,265  INFO  cmap pruned
2026-05-18 18:46:15,265  INFO  kern dropped
2026-05-18 18:46:15,267  INFO  post pruned
2026-05-18 18:46:15,267  INFO  PCLT dropped
2026-05-18 18:46:15,267  INFO  JSTF dropped
2026-05-18 18:46:15,267  INFO  DSIG dropped
2026-05-18 18:46:15,269  INFO  GPOS pruned
2026-05-18 18:46:15,269  INFO  GSUB pruned
2026-05-18 18:46:15,272  INFO  glyf pruned
2026-05-18 18:46:15,273  INFO  Added gid0 to subset
2026-05-18 18:46:15,273  INFO  Added first four glyphs to subset
2026-05-18 18:46:15,273  INFO  Closing glyph list over 'GSUB': 60 glyphs before
2026-05-18 18:46:15,273  INFO  Glyph names: ['.notdef', '.null', 'A', 'C', 'Delta', 'F', 'H', 'M', 'N', 'S', 'X', 'a', 'b', 'c', 'colon', 'd', 'e', 'eight', 'emdash', 'endash', 'equal', 'f', 'female', 'five', 'four', 'g', 'greater', 'h', 'hyphen', 'i', 'k', 'l', 'less', 'm', 'male', 'minus', 'n', 'nine', 'nonmarkingreturn', 'o', 'one', 'p', 'parenleft', 'parenright', 'period', 'r', 's', 'semicolon', 'seven', 'six', 'space', 't', 'three', 'two', 'u', 'v', 'x', 'y', 'z', 'zero']
2026-05-18 18:46:15,274  INFO  Glyph IDs:   [0, 1, 2, 3, 11, 12, 16, 17, 19, 20, 21, 22, 23, 24, 25, 26, 27, 28, 29, 30, 31, 32, 33, 36, 38, 41, 43, 48, 49, 54, 59, 68, 69, 70, 71, 72, 73, 74, 75, 76, 78, 79, 80, 81, 82, 83, 85, 86, 87, 88, 89, 91, 92, 93, 177, 178, 237, 386, 387, 507]
2026-05-18 18:46:15,276  INFO  Closed glyph list over 'GSUB': 60 glyphs after
2026-05-18 18:46:15,276  INFO  Glyph names: ['.notdef', '.null', 'A', 'C', 'Delta', 'F', 'H', 'M', 'N', 'S', 'X', 'a', 'b', 'c', 'colon', 'd', 'e', 'eight', 'emdash', 'endash', 'equal', 'f', 'female', 'five', 'four', 'g', 'greater', 'h', 'hyphen', 'i', 'k', 'l', 'less', 'm', 'male', 'minus', 'n', 'nine', 'nonmarkingreturn', 'o', 'one', 'p', 'parenleft', 'parenright', 'period', 'r', 's', 'semicolon', 'seven', 'six', 'space', 't', 'three', 'two', 'u', 'v', 'x', 'y', 'z', 'zero']
2026-05-18 18:46:15,277  INFO  Glyph IDs:   [0, 1, 2, 3, 11, 12, 16, 17, 19, 20, 21, 22, 23, 24, 25, 26, 27, 28, 29, 30, 31, 32, 33, 36, 38, 41, 43, 48, 49, 54, 59, 68, 69, 70, 71, 72, 73, 74, 75, 76, 78, 79, 80, 81, 82, 83, 85, 86, 87, 88, 89, 91, 92, 93, 177, 178, 237, 386, 387, 507]
2026-05-18 18:46:15,277  INFO  Closing glyph list over 'glyf': 60 glyphs before
2026-05-18 18:46:15,277  INFO  Glyph names: ['.notdef', '.null', 'A', 'C', 'Delta', 'F', 'H', 'M', 'N', 'S', 'X', 'a', 'b', 'c', 'colon', 'd', 'e', 'eight', 'emdash', 'endash', 'equal', 'f', 'female', 'five', 'four', 'g', 'greater', 'h', 'hyphen', 'i', 'k', 'l', 'less', 'm', 'male', 'minus', 'n', 'nine', 'nonmarkingreturn', 'o', 'one', 'p', 'parenleft', 'parenright', 'period', 'r', 's', 'semicolon', 'seven', 'six', 'space', 't', 'three', 'two', 'u', 'v', 'x', 'y', 'z', 'zero']
2026-05-18 18:46:15,277  INFO  Glyph IDs:   [0, 1, 2, 3, 11, 12, 16, 17, 19, 20, 21, 22, 23, 24, 25, 26, 27, 28, 29, 30, 31, 32, 33, 36, 38, 41, 43, 48, 49, 54, 59, 68, 69, 70, 71, 72, 73, 74, 75, 76, 78, 79, 80, 81, 82, 83, 85, 86, 87, 88, 89, 91, 92, 93, 177, 178, 237, 386, 387, 507]
2026-05-18 18:46:15,277  INFO  Closed glyph list over 'glyf': 60 glyphs after
2026-05-18 18:46:15,277  INFO  Glyph names: ['.notdef', '.null', 'A', 'C', 'Delta', 'F', 'H', 'M', 'N', 'S', 'X', 'a', 'b', 'c', 'colon', 'd', 'e', 'eight', 'emdash', 'endash', 'equal', 'f', 'female', 'five', 'four', 'g', 'greater', 'h', 'hyphen', 'i', 'k', 'l', 'less', 'm', 'male', 'minus', 'n', 'nine', 'nonmarkingreturn', 'o', 'one', 'p', 'parenleft', 'parenright', 'period', 'r', 's', 'semicolon', 'seven', 'six', 'space', 't', 'three', 'two', 'u', 'v', 'x', 'y', 'z', 'zero']
2026-05-18 18:46:15,277  INFO  Glyph IDs:   [0, 1, 2, 3, 11, 12, 16, 17, 19, 20, 21, 22, 23, 24, 25, 26, 27, 28, 29, 30, 31, 32, 33, 36, 38, 41, 43, 48, 49, 54, 59, 68, 69, 70, 71, 72, 73, 74, 75, 76, 78, 79, 80, 81, 82, 83, 85, 86, 87, 88, 89, 91, 92, 93, 177, 178, 237, 386, 387, 507]
2026-05-18 18:46:15,277  INFO  Retaining 60 glyphs
2026-05-18 18:46:15,277  INFO  head subsetting not needed
2026-05-18 18:46:15,277  INFO  hhea subsetting not needed
2026-05-18 18:46:15,277  INFO  maxp subsetting not needed
2026-05-18 18:46:15,277  INFO  OS/2 subsetting not needed
2026-05-18 18:46:15,278  INFO  hmtx subsetted
2026-05-18 18:46:15,278  INFO  VDMX subsetting not needed
2026-05-18 18:46:15,280  INFO  hdmx subsetted
2026-05-18 18:46:15,281  INFO  cmap subsetted
2026-05-18 18:46:15,281  INFO  fpgm subsetting not needed
2026-05-18 18:46:15,281  INFO  prep subsetting not needed
2026-05-18 18:46:15,281  INFO  cvt  subsetting not needed
2026-05-18 18:46:15,281  INFO  loca subsetting not needed
2026-05-18 18:46:15,281  INFO  post subsetted
2026-05-18 18:46:15,281  INFO  gasp subsetting not needed
2026-05-18 18:46:15,282  INFO  GDEF subsetted
2026-05-18 18:46:15,305  INFO  GPOS subsetted
2026-05-18 18:46:15,306  INFO  GSUB subsetted
2026-05-18 18:46:15,306  INFO  name subsetting not needed
2026-05-18 18:46:15,306  INFO  glyf subsetted
2026-05-18 18:46:15,306  INFO  head pruned
2026-05-18 18:46:15,306  INFO  OS/2 Unicode ranges pruned: [0, 7, 31, 38, 46]
2026-05-18 18:46:15,307  INFO  OS/2 CodePage ranges pruned: [0]
2026-05-18 18:46:15,307  INFO  glyf pruned
2026-05-18 18:46:15,307  INFO  GDEF pruned
2026-05-18 18:46:15,307  INFO  GPOS pruned
2026-05-18 18:46:15,307  INFO  GSUB pruned
2026-05-18 18:46:15,310  INFO  name pruned
2026-05-18 18:46:15,748  INFO  Saved PDF → /Users/spectremac/Desktop/BioVault_popgen/03_individual_level/sex_biased_admixture/plots/figure4_sex_biased_admixture.pdf
2026-05-18 18:46:15,748  INFO  Saved PNG → /Users/spectremac/Desktop/BioVault_popgen/03_individual_level/sex_biased_admixture/plots/figure4_sex_biased_admixture.png
2026-05-18 18:46:15,748  INFO  Done.
